---
source: src/scanner.rs
expression: "Hello {% if items != [] %}Some items{% endif %}"
---
[
    (
        Text(
            "Hello ",
        ),
        0..6,
    ),
    (
        OpenStmt,
        6..7,
    ),
    (
        If,
        9..11,
    ),
    (
        GleamTokenOrIdentifier(
            "items",
        ),
        12..17,
    ),
    (
        GleamTokenOrIdentifier(
            "!=",
        ),
        18..20,
    ),
    (
        GleamTokenOrIdentifier(
            "[]",
        ),
        21..23,
    ),
    (
        CloseStmt,
        24..25,
    ),
    (
        Text(
            "Some items",
        ),
        26..36,
    ),
    (
        OpenStmt,
        36..37,
    ),
    (
        EndIf,
        39..44,
    ),
    (
        CloseStmt,
        45..46,
    ),
]
