---
source: src/scanner.rs
expression: "Hello {% for item in list %}{{ item }}{% endfor %}"
---
[
    (
        Text(
            "Hello ",
        ),
        0..6,
    ),
    (
        OpenStmt,
        6..7,
    ),
    (
        For,
        9..12,
    ),
    (
        GleamTokenOrIdentifier(
            "item",
        ),
        13..17,
    ),
    (
        In,
        18..20,
    ),
    (
        GleamTokenOrIdentifier(
            "list",
        ),
        21..25,
    ),
    (
        CloseStmt,
        26..27,
    ),
    (
        OpenValue,
        28..29,
    ),
    (
        GleamTokenOrIdentifier(
            "item",
        ),
        31..35,
    ),
    (
        CloseValue,
        36..37,
    ),
    (
        OpenStmt,
        38..39,
    ),
    (
        EndFor,
        41..47,
    ),
    (
        CloseStmt,
        48..49,
    ),
]
