---
source: src/scanner.rs
expression: "{> fn concat(x: String, y: String) -> String\n"
---
[
    (
        OpenLine,
        0..1,
    ),
    (
        Fn,
        3..5,
    ),
    (
        GleamTokenOrIdentifier(
            "concat(x:",
        ),
        6..15,
    ),
    (
        GleamTokenOrIdentifier(
            "String,",
        ),
        16..23,
    ),
    (
        GleamTokenOrIdentifier(
            "y:",
        ),
        24..26,
    ),
    (
        GleamTokenOrIdentifier(
            "String)",
        ),
        27..34,
    ),
    (
        GleamTokenOrIdentifier(
            "->",
        ),
        35..37,
    ),
    (
        GleamTokenOrIdentifier(
            "String",
        ),
        38..44,
    ),
    (
        CloseLine,
        44..44,
    ),
]
