---
source: src/main.rs
assertion_line: 539
expression: "Hello {% if is_user %}{% endif %}"

---
import gleam/string_builder.{StringBuilder}

pub fn render_builder(is_user is_user) -> StringBuilder {
    let builder = string_builder.from_string("")
    let builder = string_builder.append(builder, "Hello ")
let builder = case is_user {
    True -> {
        
        builder
    }
    False -> {
        
        builder
    }
}
    builder
}

pub fn render(is_user is_user) -> String {
    string_builder.to_string(render_builder(is_user: is_user))
}

