---
source: src/scanner.rs
expression: "{> with user as User\n{{ user }}"
---
[
    (
        OpenLine,
        0..1,
    ),
    (
        With,
        3..7,
    ),
    (
        GleamToken(
            "user",
        ),
        8..12,
    ),
    (
        As,
        13..15,
    ),
    (
        GleamToken(
            "User",
        ),
        16..20,
    ),
    (
        CloseLine,
        20..20,
    ),
    (
        OpenValue,
        21..22,
    ),
    (
        GleamToken(
            "user",
        ),
        24..28,
    ),
    (
        CloseValue,
        29..30,
    ),
]
