---
source: src/main.rs
assertion_line: 276
expression: "Hello { name }, { adjective } to meet you"

---
[
    Text(
        "Hello ",
    ),
    OpenParen,
    Reference(
        "name",
    ),
    CloseParen,
    Text(
        ", ",
    ),
    OpenParen,
    Reference(
        "adjective",
    ),
    CloseParen,
    Text(
        " to meet you",
    ),
]
