---
source: src/main.rs
assertion_line: 841
expression: "<ul>\n{% for entry in list %}\n    <li>{{ entry }}</li>\n{% endfor %}\n</ul>"

---
import gleam/string_builder.{StringBuilder}
import gleam/list



pub fn render_builder(list list) -> StringBuilder {
    let builder = string_builder.from_string("")
    let builder = string_builder.append(builder, "<ul>
")
    let builder = list.fold(list, builder, fn(builder, entry) {
            let builder = string_builder.append(builder, "
    <li>")
    let builder = string_builder.append(builder, entry)
    let builder = string_builder.append(builder, "</li>
")

        builder
})
    let builder = string_builder.append(builder, "
</ul>")

    builder
}

pub fn render(list list) -> String {
    string_builder.to_string(render_builder(list: list))
}

