---
source: src/main.rs
assertion_line: 298
expression: "Hello { name }, { adjective } to meet you"

---
[
    Text(
        "Hello ",
    ),
    OpenValue,
    Identifier(
        "name",
    ),
    CloseValue,
    Text(
        ", ",
    ),
    OpenValue,
    Identifier(
        "adjective",
    ),
    CloseValue,
    Text(
        " to meet you",
    ),
]
